x=0 y=0 z=0 height=5 material=default:stone roof=1 floor=1
.........................................................................
################################################...######################
################################################...######################
################################################...######################
########################.........###############...###............#......
########################.........###........####...###............|......
########################.........###........####...###............#......
########################.........###........####...###............#######
########################.........###........####...###............#######
########################.........###........####...###............#######
############################-#######........####...##########-##########.
###########################...######........####...#########...#########.
###########################...######........####...#########...#########.
###############...............######........#........................###.
###############...............######........#........................###.
###############...............#########...###........................###.
###############...###.......................#..........................#.
###############...###.......................|..........................|.
################-####.......................#..........................#.
###############...###.........#######-#############............#########.
###############...###.........######...############............#########.
###############...###.........######...#############..........##########.
###############...######...######.........###########........###########.
###############...######...######.........############......############.
###############...#######-#######.........##############--##############.
